// Jest Snapshot v1, https://goo.gl/fbAQLP

exports[`When I render App component should render correctly 1`] = `"<div class=\\"app\\"></div>"`;
